<!DOCTYPE html>
<html lang="en">
<head>
  <meta charset="utf-8">
<!-- demo.qdoc -->
  <title>Demo | Test 0.0.1</title>
</head>
<body>
<div class="sidebar"><div class="sidebar-content" id="sidebar-content"></div></div>
<h1 class="title">Demo</h1>
<!-- $$$demos/demo-description -->
<div class="descr" id="details">
<p class="centerAlign"><img src="images/leonardo-da-vinci.png" alt="" /></p><pre class="cpp" translate="no">    <span class="keyword">if</span> (n <span class="operator">&gt;</span> <span class="number">1'000</span>)
        <span class="keyword">return</span> <span class="keyword">true</span>;</pre>
<p>Files:</p>
<ul>
<li><a href="test-demos-demo-demo-cpp.html" translate="no">demos/demo/demo.cpp</a></li>
<li><a href="test-demos-demo-demo-pro.html" translate="no">demos/demo/demo.pro</a></li>
<li><a href="test-demos-demo-dontxclude-cmakelists-txt.html" translate="no">demos/demo/dontxclude/CMakeLists.txt</a></li>
</ul>
</div>
<!-- @@@demos/demo -->
</body>
</html>
