<!DOCTYPE html>
<html lang="en">
<head>
  <meta charset="utf-8">
<!-- table-after-value.cpp -->
  <meta name="description" content="Test that the \table command can follow a \value command.">
  <title>List of All Members for TableAfterValue | TableAfterValue</title>
</head>
<body>
<li>TableAfterValue</li>
<div class="sidebar"><div class="sidebar-content" id="sidebar-content"></div></div>
<h1 class="title" translate="no">List of All Members for TableAfterValue</h1>
<p>This is the complete list of members for <a href="tableaftervalue.html">TableAfterValue</a>, including inherited members.</p>
<ul>
<li class="fn" translate="no">enum <span class="name"><b><a href="tableaftervalue.html#Reproduces-enum" translate="no">Reproduces</a></b></span></li>
</ul>
</body>
</html>
