# no comment
msgid ""
msgstr ""
"MIME-Version: 1.0\n"
"Content-Type: text/plain; charset=UTF-8\n"
"Content-Transfer-Encoding: 8bit\n"

msgid "this works"
msgstr "das geht: ä"

msgid "this is broken"
msgstr "das ist kaputt: �i"
