<!DOCTYPE html>
<html lang="en">
<head>
  <meta charset="utf-8">
<!-- index.qdoc -->
  <title>doc index | TestModule</title>
</head>
<body>
<h1 class="title">doc index</h1>
<span class="subtitle"></span>
<!-- $$$index.html-description -->
<div class="descr"> <a name="details"></a>
<div class="table"><table class="annotated">
<tr class="odd topAlign"><td class="tblName"><p><a href="first.html">First</a></p></td></tr>
<tr class="even topAlign"><td class="tblName"><p><a href="">First::Nested</a></p></td></tr>
<tr class="odd topAlign"><td class="tblName"><p><a href="second.html">Second</a></p></td></tr>
<tr class="even topAlign"><td class="tblName"><p><a href="third.html">Third</a></p></td></tr>
</table></div>
</div>
<!-- @@@index.html -->
</body>
</html>
