<!DOCTYPE html>
<html lang="en">
<head>
  <meta charset="utf-8">
<!-- qdoctests-outputfromqdocmanuallikefiles.qdoc -->
  <title>Document Navigation | OutputFromQDocFiles</title>
</head>
<body>
<li id="buildversion">OutputFromQDocFiles - A test project for QDoc build artifacts</li>
<div class="sidebar">
<div class="toc">
<h3 id="toc">Contents</h3>
<ul>
<li class="level1"><a href="#commands">Commands</a></li>
<li class="level2"><a href="#previouspage">\previouspage</a></li>
</ul>
</div>
<div class="sidebar-content" id="sidebar-content"></div></div>
<h1 class="title">Document Navigation</h1>
<!-- $$$qdoctests-qdocmanuallikefileoutput.html-description -->
<div class="descr" id="details">
<p>The navigation commands...</p>
<blockquote>        <table border="0" cellpadding="0" cellspacing="5" width="100%">

        <tr>
        <p>
        [Previous: <a href="15-qdoc-commands-navigation.html#deadlink">
        Basic Qt</a>]
        [<a href="15-qdoc-commands-navigation.html#deadlink">Contents</a>]
        [Next: <a href="15-qdoc-commands-navigation.html#deadlink">
        Creating Dialogs</a>]
        </p>

        <h1 align="center">Getting Started<br /></h1>

        <p>
        This chapter shows how to combine basic C++ with the
        functionality provided by Qt to create a few small graphical
        interface (GUI) applications.
        </p>

        <p>
        [Previous: <a href="15-qdoc-commands-navigation.html#deadlink">
        Basic Qt</a>]
        [<a href="15-qdoc-commands-navigation.html#deadlink">Contents</a>]
        [Next: <a href="15-qdoc-commands-navigation.html#deadlink">
        Creating Dialogs</a>]
        </p>

        </table>
    </blockquote>
<pre class="cpp" translate="no"><span class="operator">&lt;</span>head<span class="operator">&gt;</span>
    <span class="operator">.</span><span class="operator">.</span><span class="operator">.</span>
    <span class="operator">&lt;</span>link rel<span class="operator">=</span><span class="string">&quot;start&quot;</span> href<span class="operator">=</span><span class="string">&quot;basicqt.html&quot;</span> <span class="operator">/</span><span class="operator">&gt;</span>
    <span class="operator">.</span><span class="operator">.</span><span class="operator">.</span>
<span class="operator">&lt;</span><span class="operator">/</span>head<span class="operator">&gt;</span></pre>
<h2 id="commands">Commands</h2>
<span id="previouspage-command"></span><h3 id="previouspage">\previouspage</h3>
<p>The \previouspage command...</p>
</div>
<!-- @@@qdoctests-qdocmanuallikefileoutput.html -->
</body>
</html>
