<!DOCTYPE html>
<html lang="en">
<head>
  <meta charset="utf-8">
<!-- linking.qdoc -->
  <title>List of All Members for GrandChild | IndexLinking</title>
</head>
<body>
<li><a href="linkmodule-qmlmodule.html" translate="no">LinkModule</a></li>
<li>GrandChild</li>
<div class="sidebar"><div class="sidebar-content" id="sidebar-content"></div></div>
<h1 class="title" translate="no">List of All Members for GrandChild</h1>
<p>This is the complete list of members for <a href="qml-linkmodule-grandchild.html">GrandChild</a>, including inherited members.</p>
<p>The following members are inherited from <a href="https://doc.qt.io/QmlPropertyGroups/qml-qdoc-test-anotherchild.html">AnotherChild</a>.</p>
<ul>
<li class="fn" translate="no"><b><a href="https://doc.qt.io/QmlPropertyGroups/qml-qdoc-test-anotherchild.html#name-prop" translate="no">name</a></b> : string</li>
</ul>
<p>The following members are inherited from <a href="https://doc.qt.io/QmlPropertyGroups/qml-qdoc-test-parent.html">Parent</a>.</p>
<ul>
<li class="fn" translate="no"><b><a href="https://doc.qt.io/QmlPropertyGroups/qml-qdoc-test-parent.html#group-prop" translate="no">group</a></b> : </li>
<li class="fn" translate="no"><b><a href="https://doc.qt.io/QmlPropertyGroups/qml-qdoc-test-parent.html#group.a-prop" translate="no">group.a</a></b> : int</li>
<li class="fn" translate="no"><b><a href="https://doc.qt.io/QmlPropertyGroups/qml-qdoc-test-parent.html#group.b-prop" translate="no">group.b</a></b> : int</li>
<li class="fn" translate="no"><b><a href="https://doc.qt.io/QmlPropertyGroups/qml-qdoc-test-parent.html#group.c-prop" translate="no">group.c</a></b> : int</li>
</ul>
</body>
</html>
