<!DOCTYPE html>
<html lang="en">
<head>
  <meta charset="utf-8">
<!-- adventures_with_non_ascii_characters.qdoc -->
  <title>NonAsciiCharacterInput</title>
</head>
<body>
<div class="sidebar"><div class="sidebar-content" id="sidebar-content"></div></div>
<!-- $$$SEITE_MIT_AUSSCHLIEßLICH_GROßBUCHSTABEN_IM_TITEL_ÜBERSCHRIFT.htm-description -->
<div class="descr" id="details">
<p>This page exists solely to understand how QDoc will generate the file name for a page with non-ascii-printable latin characters in its name.</p>
</div>
<!-- @@@SEITE_MIT_AUSSCHLIEßLICH_GROßBUCHSTABEN_IM_TITEL_ÜBERSCHRIFT.htm -->
</body>
</html>
