<!DOCTYPE html>
<html lang="en">
<head>
  <meta charset="utf-8">
<!-- type.cpp -->
  <meta name="description" content="QML Types for the Test module without version.">
  <title>Versionless QML Module | Test</title>
</head>
<body>
<div class="sidebar"><div class="sidebar-content" id="sidebar-content"></div></div>
<h1 class="title" translate="no">Versionless QML Module</h1>
<p>This module is in <i>Tech Preview</i> state.</p>
<p>This module was introduced in Qt 1.1.</p>
<!-- $$$Test.NoVer-description -->
<div class="descr" id="details">
</div>
<!-- @@@Test.NoVer -->
<div class="table"><table class="annotated">
<tr class="odd topAlign"><td class="tblName" translate="no"><p><a href="qml-test-nover-typenoversion.html">TypeNoVersion</a></p></td><td class="tblDescr"><p>Another QML type documented in a .cpp file</p></td></tr>
</table></div>
</body>
</html>
