<!DOCTYPE html>
<html lang="en">
<head>
  <meta charset="utf-8">
<!-- test.qdoc -->
  <title>Classes | TestCPP</title>
</head>
<body>
<div class="sidebar"><div class="sidebar-content" id="sidebar-content"></div></div>
<h1 class="title">Classes</h1>
<span class="subtitle"></span>
<!-- $$$classes.html-description -->
<div class="descr"> <a name="details"></a>
<div class="table"><table class="annotated">
<tr class="odd topAlign"><td class="tblName"><p><a href="seenclass.html">SeenClass</a></p></td><td class="tblDescr"><p>A public but undocumented class</p></td></tr>
<tr class="even topAlign"><td class="tblName"><p><a href="testqdoc-test.html">TestQDoc::Test</a></p></td><td class="tblDescr"><p>A class in a namespace</p></td></tr>
<tr class="odd topAlign"><td class="tblName"><p><a href="testqdoc-testderived.html">TestQDoc::TestDerived</a></p></td><td class="tblDescr"><p>A derived class in a namespace</p></td></tr>
</table></div>
</div>
<!-- @@@classes.html -->
</body>
</html>
