<!DOCTYPE html>
<html lang="en">
<head>
  <meta charset="utf-8">
<!-- dont.cpp -->
  <title>SeenClass Class | TestCPP</title>
</head>
<body>
<li>SeenClass</li>
<div class="sidebar">
<div class="toc">
<h3><a name="toc">Contents</a></h3>
<ul>
<li class="level1"><a href="#details">Detailed Description</a></li>
</ul>
</div>
<div class="sidebar-content" id="sidebar-content"></div></div>
<h1 class="title">SeenClass Class</h1>
<!-- $$$SeenClass-brief -->
<p>A public but undocumented class. <a href="#details">More...</a></p>
<!-- @@@SeenClass -->
<div class="table"><table class="alignedsummary">
<tr><td class="memItemLeft rightAlign topAlign"> Header:</td><td class="memItemRight bottomAlign"> <span class="preprocessor">#include &lt;SeenClass&gt;</span>
</td></tr><tr><td class="memItemLeft rightAlign topAlign"> qmake:</td><td class="memItemRight bottomAlign"> QT += testcpp</td></tr></table></div><ul>
</ul>
<a name="details"></a>
<!-- $$$SeenClass-description -->
<div class="descr">
<h2 id="details">Detailed Description</h2>
</div>
<!-- @@@SeenClass -->
</body>
</html>
