cmake_minimum_required(VERSION 3.16)
project(qml_project LANGUAGES CXX)

find_package(Qt6 REQUIRED COMPONENTS Gui Qml Quick Core)
qt_standard_project_setup()

qt_add_executable(qml_project
    main.cpp
)

qt_add_qml_module(qml_project
    URI qml_project
    OUTPUT_DIRECTORY qml
    VERSION 1.0
    RESOURCE_PREFIX /qt/qml
    QML_FILES
        TestComponent.qml
        main.qml
)

target_link_libraries(qml_project
    PRIVATE
        Qt::Gui
        Qt::Qml
        Qt::Quick
        Qt::Core
)
