blahblah.txt blahblah.txt
currentdir.txt currentdir.txt
currentdir2.txt currentdir2.txt
subdir/subdir.txt subdir/subdir.txt
otherdir/otherdir.txt otherdir/otherdir.txt
