<!DOCTYPE html>
<html lang="en">
<head>
  <meta charset="utf-8">
<!-- testtemplate.cpp -->
  <title>Bar Class | TestCPP</title>
</head>
<body>
<li>Bar</li>
<div class="sidebar">
<div class="toc">
<h3><a name="toc">Contents</a></h3>
<ul>
<li class="level1"><a href="#details">Detailed Description</a></li>
</ul>
</div>
<div class="sidebar-content" id="sidebar-content"></div></div>
<h1 class="title">Bar Class</h1>
<span class="small-subtitle">template &lt;typename T, typename D&gt; class Bar</span>
<!-- $$$Bar-brief -->
<p>Another class template. <a href="#details">More...</a></p>
<!-- @@@Bar -->
<div class="table"><table class="alignedsummary">
<tr><td class="memItemLeft rightAlign topAlign"> Header:</td><td class="memItemRight bottomAlign"> <span class="preprocessor">#include &lt;Bar&gt;</span>
</td></tr><tr><td class="memItemLeft rightAlign topAlign"> qmake:</td><td class="memItemRight bottomAlign"> QT += testcpp</td></tr></table></div><ul>
</ul>
<a name="details"></a>
<!-- $$$Bar-description -->
<div class="descr">
<h2 id="details">Detailed Description</h2>
</div>
<!-- @@@Bar -->
</body>
</html>
