<!DOCTYPE html>
<html lang="en">
<head>
  <meta charset="utf-8">
<!-- testtemplate.cpp -->
  <title>Baz Struct | TestCPP</title>
</head>
<body>
<li>Baz</li>
<div class="sidebar">
<div class="toc">
<h3><a name="toc">Contents</a></h3>
<ul>
<li class="level1"><a href="#details">Detailed Description</a></li>
</ul>
</div>
<div class="sidebar-content" id="sidebar-content"></div></div>
<h1 class="title">Baz Struct</h1>
<span class="small-subtitle">template &lt;template &lt;typename&gt; class X, typename Y&gt; struct Baz</span>
<!-- $$$Baz-brief -->
<p>Class template template. <a href="#details">More...</a></p>
<!-- @@@Baz -->
<div class="table"><table class="alignedsummary">
<tr><td class="memItemLeft rightAlign topAlign"> Header:</td><td class="memItemRight bottomAlign"> <span class="preprocessor">#include &lt;Baz&gt;</span>
</td></tr><tr><td class="memItemLeft rightAlign topAlign"> qmake:</td><td class="memItemRight bottomAlign"> QT += testcpp</td></tr></table></div><ul>
</ul>
<a name="details"></a>
<!-- $$$Baz-description -->
<div class="descr">
<h2 id="details">Detailed Description</h2>
</div>
<!-- @@@Baz -->
</body>
</html>
