<!DOCTYPE html>
<html lang="en">
<head>
  <meta charset="utf-8">
<!-- testcpp.cpp -->
  <title>Struct Struct | TestCPP</title>
</head>
<body>
<li>Struct</li>
<div class="sidebar">
<div class="toc">
<h3><a name="toc">Contents</a></h3>
<ul>
<li class="level1"><a href="#details">Detailed Description</a></li>
</ul>
</div>
<div class="sidebar-content" id="sidebar-content"></div></div>
<h1 class="title">Struct Struct</h1>
<span class="small-subtitle">template &lt;typename D, typename T&gt; struct <a href="testqdoc.html">TestQDoc</a>::<a href="testqdoc-test.html">Test</a>::Struct</span>
<!-- $$$Struct-brief -->
<p>Templated struct. <a href="#details">More...</a></p>
<!-- @@@Struct -->
<ul>
</ul>
<a name="details"></a>
<!-- $$$Struct-description -->
<div class="descr">
<h2 id="details">Detailed Description</h2>
</div>
<!-- @@@Struct -->
</body>
</html>
