<?xml version="1.0" encoding="UTF-8"?>
<db:article xmlns:db="http://docbook.org/ns/docbook" xmlns:xlink="http://www.w3.org/1999/xlink" version="5.2" xml:lang="en">
<db:info>
<db:title>int QML Basic Type</db:title>
<db:productname>Test</db:productname>
<db:titleabbrev>A test project for QDoc build artifacts</db:titleabbrev>
<db:abstract>
<db:para>An integer basic type.</db:para>
</db:abstract>
</db:info>
<db:section xml:id="details">
<db:title>Detailed Description</db:title>
</db:section>
<db:section xml:id="method-documentation">
<db:title>Method Documentation</db:title>
<db:section xml:id="abs-method">
<db:title>int abs()</db:title>
<db:para>Returns the absolute value of this integer.</db:para>
</db:section>
</db:section>
</db:article>
