<out xmlns="http://www.example.com/ns"><b xmlns="">42</b></out>