<out><e xmlns="http://www.example.com/ns/my">12</e></out>