<out><ex:b xmlns:ex="http://www.example.com/ns?p='23'">93.7</ex:b></out>