<?xml version="1.0" encoding="UTF-8"?>
<out>
   <tokens>
      <token>HOW</token>
      <token>NICE!</token>
      <token>THANK</token>
      <token>YOU,</token>
      <token>I</token>
      <token>ENJOYED</token>
      <token>THAT.</token>
   </tokens>
   <tokens>
      <token>HOW NICE! THANK YOU</token>
      <token> I ENJOYED THAT.</token>
   </tokens>
   <tokens>
      <token>HOW NICE</token>
      <token> THANK YOU, I ENJOYED THAT.</token>
   </tokens>
</out>