<?xml version="1.0" encoding="UTF-8"?>
<a uri="" loc="" euri="true" eloc="true" arity="1"/>