<?xml version="1.0" encoding="UTF-8"?>123.456~123~124.456~123.46