<!DOCTYPE html>
<html lang="en">
<head>
  <meta charset="utf-8">
<!-- line_comment_adventures.qdoc -->
  <meta name="description" content="This page has an image right at the top.">
  <title>This page starts with an image | LineComment</title>
</head>
<body>
<div class="sidebar"><div class="sidebar-content" id="sidebar-content"></div></div>
<h1 class="title">This page starts with an image</h1>
<!-- $$$another-page-with-an-image-at-the-top.html-description -->
<div class="descr" id="details">
<p class="centerAlign"><img src="images/leonardo-da-vinci.png" alt="This is the alternate text for the image" /></p><p>The image should render as expected, and the alternate text should be there, too. This text is contained in its own paragraph following the image.</p>
<p>This paragraph is a new paragraph, and doesn't contain an image.</p>
</div>
<!-- @@@another-page-with-an-image-at-the-top.html -->
</body>
</html>
