<?xml version="1.0" encoding="UTF-8"?>
<db:article xmlns:db="http://docbook.org/ns/docbook" xmlns:xlink="http://www.w3.org/1999/xlink" version="5.2" xml:lang="en">
<db:info>
<db:title>int QML Value Type</db:title>
<db:productname>Test</db:productname>
<db:titleabbrev>A test project for QDoc build artifacts</db:titleabbrev>
<db:abstract>
<db:para>An integer value type.</db:para>
<db:para>This type was introduced in Qt 1.1.</db:para>
</db:abstract>
</db:info>
<db:variablelist>
<db:varlistentry>
<db:term>Import Statement</db:term>
<db:listitem>
<db:para>import QDoc.Test 1.1</db:para>
</db:listitem>
</db:varlistentry>
<db:varlistentry>
<db:term>Since:</db:term>
<db:listitem>
<db:para>Qt 1.1</db:para>
</db:listitem>
</db:varlistentry>
</db:variablelist>
<db:section xml:id="details">
<db:title>Detailed Description</db:title>
</db:section>
<db:section xml:id="method-documentation">
<db:title>Method Documentation</db:title>
<db:section xml:id="abs-method">
<db:title>int abs()</db:title>
<db:para>Returns the absolute value of this integer.</db:para>
</db:section>
</db:section>
</db:article>
