<?xml version="1.0" encoding="UTF-8"?><out><john/><mary/><jane/><anne/><peter/><ian/></out>