specialchar.qrc.cpp: specialchar$$file.txt ../images/images/subdir/triangle.png
