<?xml version="1.0" encoding="UTF-8"?>
<db:article xmlns:db="http://docbook.org/ns/docbook" xmlns:xlink="http://www.w3.org/1999/xlink" version="5.2" xml:lang="en">
<db:info>
<db:title></db:title>
<db:productname>ModifiedOutputFilenames</db:productname>
<db:titleabbrev>ModifiedOutputFilenames Reference Documentation</db:titleabbrev>
<db:abstract>
<db:para>ModifiedOutputFilenames Reference Documentation.</db:para></db:abstract>
</db:info>
</db:article>
