<?xml version="1.0" encoding="UTF-8"?><out>2 4 6 8 10 12 14 16 18 20</out>