<!DOCTYPE html>
<html lang="en">
<head>
  <meta charset="utf-8">
<!-- testcpp.cpp -->
  <title>TestDerived Class | Test</title>
</head>
<body>
<li>TestDerived</li>
<div class="sidebar">
<div class="toc">
<h3><a name="toc">Contents</a></h3>
<ul>
<li class="level1"><a href="#reimplemented-public-functions">Reimplemented Public Functions</a></li>
<li class="level1"><a href="#details">Detailed Description</a></li>
</ul>
</div>
<div class="sidebar-content" id="sidebar-content"></div></div>
<h1 class="title">TestDerived Class</h1>
<span class="small-subtitle">(<a href="testqdoc-testderived.html">TestQDoc::TestDerived</a>)<br/></span>
<!-- $$$TestDerived-brief -->
<p>A derived class in a namespace. <a href="#details">More...</a></p>
<!-- @@@TestDerived -->
<div class="table"><table class="alignedsummary">
<tr><td class="memItemLeft rightAlign topAlign"> Header:</td><td class="memItemRight bottomAlign"> <span class="preprocessor">#include &lt;TestDerived&gt;</span>
</td></tr><tr><td class="memItemLeft rightAlign topAlign"> qmake:</td><td class="memItemRight bottomAlign"> QT += testcpp</td></tr><tr><td class="memItemLeft rightAlign topAlign"> Inherits:</td><td class="memItemRight bottomAlign"> <a href="testqdoc-test.html">TestQDoc::Test</a></td></tr></table></div><ul>
<li><a href="testqdoc-testderived-members.html">List of all members, including inherited members</a></li>
</ul>
<a name="reimplemented-public-functions"></a>
<h2 id="reimplemented-public-functions">Reimplemented Public Functions</h2>
<div class="table"><table class="alignedsummary">
<tr><td class="memItemLeft rightAlign topAlign"> virtual void </td><td class="memItemRight bottomAlign"><b><a href="testqdoc-testderived.html#virtualFun">virtualFun</a></b>() override</td></tr>
</table></div>
<a name="details"></a>
<!-- $$$TestDerived-description -->
<div class="descr">
<h2 id="details">Detailed Description</h2>
</div>
<!-- @@@TestDerived -->
<div class="func">
<h2>Member Function Documentation</h2>
<!-- $$$virtualFun[overload1]$$$virtualFun -->
<h3 class="fn" id="virtualFun"><a name="virtualFun"></a><code>[override virtual] </code><span class="type">void</span> TestDerived::<span class="name">virtualFun</span>()</h3>
<p>Reimplements: <a href="testqdoc-test.html#virtualFun">Test::virtualFun</a>().</p>
<!-- @@@virtualFun -->
</div>
</body>
</html>
