<!DOCTYPE html>
<html lang="en">
<head>
  <meta charset="utf-8">
<!-- scopedenum.qdoc -->
  <title>Enum Linking | TestCPP</title>
</head>
<body>
<div class="sidebar"><div class="sidebar-content" id="sidebar-content"></div></div>
<h1 class="title">Enum Linking</h1>
<!-- $$$scoped-enum-linking.html-description -->
<div class="descr" id="details">
<p>Linking to <a href="testqdoc-test.html#ScopedEnum-enum" translate="no">All</a>.</p>
<p>TestQDoc::Test::ClassicEnum::Howdy does not link, but <a href="testqdoc-test.html#ClassicEnum-enum" translate="no">TestQDoc::Test::Howdy</a> might.</p>
</div>
<!-- @@@scoped-enum-linking.html -->
</body>
</html>
