<!DOCTYPE html>
<html lang="en">
<head>
  <meta charset="utf-8">
<!-- scopedenum.qdoc -->
  <meta name="description" content="New classes documentation">
  <title>New Classes and Functions | TestCPP</title>
</head>
<body>
<div class="sidebar"><div class="sidebar-content" id="sidebar-content"></div></div>
<h1 class="title">New Classes and Functions</h1>
<!-- $$$whatsnew.html-description -->
<div class="descr" id="details">
<ul>
<li><a href="#new-namespaces">New Namespaces</a></li>
<li><a href="#new-classes">New Classes</a></li>
<li><a href="#new-enum-values">New Enum Values</a></li>
</ul>
<h3 id="new-namespaces">New Namespaces</h3>
<div class="table"><table class="alignedsummary" translate="no">
<tr><td class="memItemLeft rightAlign topAlign"> namespace </td><td class="memItemRight bottomAlign"><b><a href="testqdoc.html" translate="no">TestQDoc</a></b></td></tr>
</table></div>
<h3 id="new-classes">New Classes</h3>
<div class="flowListDiv" translate="no">
<dl class="flowList odd"><dt class="alphaChar"><b>T</b></dt>
<dd><a href="testqdoc-test.html">Test</a> (<a href="testqdoc.html">TestQDoc</a>)</dd>
<dd><a href="testqdoc-testderived.html">TestDerived</a> (<a href="testqdoc.html">TestQDoc</a>)</dd>
</dl>
</div>
<h3 id="new-enum-values">New Enum Values</h3>
<div class="table"><table class="alignedsummary" translate="no">
<tr><td class="memItemLeft"> enum value </td><td class="memItemRight"><b><a href="testqdoc-test.html#ScopedEnum-enum">ScopedEnum::All</a></b></td></tr>
</table></div>
</div>
<!-- @@@whatsnew.html -->
</body>
</html>
